rm -f tools/benchmark_bin
g++ -O2 -std=c++11 -Wno-narrowing -Iinternal -Ipublic \
	tools/benchmark.cc internal/cldutil.cc internal/cldutil_shared.cc internal/compact_lang_det.cc internal/compact_lang_det_hint_code.cc internal/compact_lang_det_impl.cc internal/debug.cc internal/fixunicodevalue.cc internal/generated_entities.cc internal/generated_language.cc internal/generated_ulscript.cc internal/getonescriptspan.cc internal/lang_script.cc internal/offsetmap.cc internal/scoreonescriptspan.cc internal/tote.cc internal/utf8statetable.cc internal/cld_generated_cjk_uni_prop_80.cc internal/cld2_generated_cjk_compatible.cc internal/cld_generated_cjk_delta_bi_4.cc internal/generated_distinct_bi_0.cc internal/cld2_generated_quadchrome_2.cc internal/cld2_generated_deltaoctachrome.cc internal/cld2_generated_distinctoctachrome.cc internal/cld_generated_score_quad_octa_2.cc \
	-o tools/benchmark_bin
./tools/benchmark_bin
Loading pages from data/benchmark/test-data/10k.jsonl...
Loaded 10000 pages
Loaded baseline with 10000 predictions from data/benchmark/baseline/predictions.tsv
Warmup run...
Iteration 1/1...
  total=2954.526ms  mean=0.295ms  median=0.206ms  p95=0.844ms  p99=1.685ms  stddev=0.383ms  accuracy=100.00% (10000/10000)


---
pages: 10000
iterations: 1
total_ms: 2954.526
mean_ms: 0.2955
median_ms: 0.2062
p95_ms: 0.8438
p99_ms: 1.6846
stddev_ms: 0.0000
accuracy: 1.0000
